// Jest Snapshot v1, https://goo.gl/fbAQLP

exports[`ButtonGroup should match the snapshot 1`] = `
.c0 {
  margin: 0 0.5rem 0.5rem 0;
  width: -webkit-fit-content;
  width: -moz-fit-content;
  width: fit-content;
}

.c0 button {
  display: inline-block;
  margin: 0px;
}

.c0 button:not(:first-child):not(:last-child) {
  border-radius: 0px;
  border-left: none;
  border-right: none;
}

.c0 button:first-child {
  border-radius: 4px 0px 0px 4px;
  border-right: none;
}

.c0 button:last-child {
  border-radius: 0px 4px 4px 0px;
  border-left: none;
}

.c1 {
  -webkit-align-items: center;
  -webkit-box-align: center;
  -ms-flex-align: center;
  align-items: center;
  display: -webkit-box;
  display: -webkit-flex;
  display: -ms-flexbox;
  display: flex;
  margin: 0 0.5rem 0.5rem 0;
  -webkit-align-items: center;
  -webkit-box-align: center;
  -ms-flex-align: center;
  align-items: center;
  background-color: #FFFFFF;
  border: 1px solid #b0b9c0;
  color: #172733;
  height: 40px;
  padding: 10px 24px;
  font-size: 1rem;
  border-radius: 4px;
}

.c1:hover:not([disabled]) {
  cursor: pointer;
}

.c1 > svg {
  margin: 0px 8px;
  height: 16px;
  width: 16px;
}

.c1 > svg:first-child {
  margin-left: 0px;
}

.c1 > svg:last-child {
  margin-right: 0px;
}

.c1:active:not([disabled]) {
  background-color: #dde3e7;
}

.c1:focus:not([disabled]) {
  background-color: #FFFFFF;
  border-color: transparent;
  box-shadow: 0 0 0 2px #458FFF;
  outline: none;
}

.c1:hover:not([disabled]) {
  background-color: #f5f7f9;
}

.c1:disabled {
  background-color: #eef2f5;
  border: 1px solid transparent;
  color: #858f96;
  cursor: not-allowed;
}

<div>
  <div
    class="c0 button-group my-classname"
    data-testid="my-testid"
  >
    <button
      class="basic round medium c1"
      style="font-family: Public Sans;"
      type="button"
    >
      Button 1
    </button>
    <button
      class="basic round medium c1"
      style="font-family: Public Sans;"
      type="button"
    >
      Button 2
    </button>
    <button
      class="basic round medium c1"
      style="font-family: Public Sans;"
      type="button"
    >
      Button 3
    </button>
  </div>
</div>
`;
